// Vitest Snapshot v1

exports[`Components > IFormError > should render correctly 1`] = `"<!--v-if-->"`;
