// Vitest Snapshot v1

exports[`Components > IColumn > should render correctly 1`] = `
"<div class=\\"column -xs-12 -sm-12 -md-12 -lg-12 -xl-12 -2xl-12\\">
  <!-- @slot default Slot for default column content -->
</div>"
`;
