// Vitest Snapshot v1

exports[`Components > INavItem > should render correctly 1`] = `
"<div role=\\"menuitem\\" tabindex=\\"0\\" tag=\\"div\\" class=\\"nav-item\\">
  <!-- @slot default Slot for default nav item content -->
</div>"
`;
