// Vitest Snapshot v1

exports[`Components > ILayoutContent > should render correctly 1`] = `
"<section class=\\"layout-content\\">
  <!-- @slot default Slot for default layout content children -->
</section>"
`;
