// Vitest Snapshot v1

exports[`Components > IBreadcrumb > should render correctly 1`] = `
"<nav class=\\"breadcrumb -light -md\\" aria-label=\\"Breadcrumbs\\">
  <ol>
    <!-- @slot default Slot for default breadcrumb content -->
  </ol>
</nav>"
`;
