// Vitest Snapshot v1

exports[`Components > IListGroupItem > should render correctly 1`] = `
"<div role=\\"listitem\\" tabindex=\\"0\\" tag=\\"div\\" class=\\"list-group-item\\">
  <!-- @slot default Slot for list group item content -->
</div>"
`;
