// Vitest Snapshot v1

exports[`Components > ISelect > props > options > should render correctly without options 1`] = `
"<div id=\\"select\\" class=\\"select-wrapper -primary -md\\" name=\\"select\\" role=\\"combobox\\" aria-haspopup=\\"listbox\\" aria-owns=\\"select-options\\" aria-expanded=\\"false\\">
  <div class=\\"input-wrapper -primary -md -suffixed\\">
    <!--v-if-->
    <div class=\\"input\\">
      <!--v-if--><input autocomplete=\\"off\\" aria-autocomplete=\\"both\\" aria-controls=\\"select-options\\" placeholder=\\"\\" name=\\"select-input\\" type=\\"text\\" tabindex=\\"0\\" aria-disabled=\\"false\\" readonly=\\"\\" aria-readonly=\\"true\\"><span class=\\"input-suffix\\"><!-- @slot clearable Slot for the clearable button --><!--v-if--><!-- @slot suffix Slot for the input suffix content --><!-- @slot suffix Slot for the select suffix content --><button class=\\"select-caret\\" aria-hidden=\\"true\\" role=\\"button\\"></button></span>
    </div>
    <!--v-if-->
  </div>
  <transition-stub name=\\"zoom-in-top-transition\\" appear=\\"false\\" persisted=\\"true\\" css=\\"true\\">
    <div id=\\"select-options\\" class=\\"select\\" role=\\"listbox\\" aria-hidden=\\"true\\" style=\\"display: none;\\"><span class=\\"arrow\\"></span>
      <!--v-if-->
      <div class=\\"select-body\\">
        <div class=\\"select-no-results\\">
          <!-- @slot no-results Slot for showing no options message --> There are no options.
        </div>
        <div class=\\"select-options\\"></div>
      </div>
      <!--v-if-->
    </div>
  </transition-stub>
</div>"
`;

exports[`Components > ISelect > should render correctly 1`] = `
"<div id=\\"select\\" class=\\"select-wrapper -primary -md\\" name=\\"select\\" role=\\"combobox\\" aria-haspopup=\\"listbox\\" aria-owns=\\"select-options\\" aria-expanded=\\"false\\">
  <div class=\\"input-wrapper -primary -md -suffixed\\">
    <!--v-if-->
    <div class=\\"input\\">
      <!--v-if--><input autocomplete=\\"off\\" aria-autocomplete=\\"both\\" aria-controls=\\"select-options\\" placeholder=\\"Option 1\\" name=\\"select-input\\" type=\\"text\\" tabindex=\\"0\\" aria-disabled=\\"false\\" readonly=\\"\\" aria-readonly=\\"true\\"><span class=\\"input-suffix\\"><!-- @slot clearable Slot for the clearable button --><!--v-if--><!-- @slot suffix Slot for the input suffix content --><!-- @slot suffix Slot for the select suffix content --><button class=\\"select-caret\\" aria-hidden=\\"true\\" role=\\"button\\"></button></span>
    </div>
    <!--v-if-->
  </div>
  <transition-stub name=\\"zoom-in-top-transition\\" appear=\\"false\\" persisted=\\"true\\" css=\\"true\\">
    <div id=\\"select-options\\" class=\\"select\\" role=\\"listbox\\" aria-hidden=\\"true\\" style=\\"display: none;\\"><span class=\\"arrow\\"></span>
      <!--v-if-->
      <div class=\\"select-body\\">
        <!--v-if-->
        <div class=\\"select-options\\">
          <div class=\\"select-option -active\\" role=\\"option\\" tabindex=\\"0\\">
            <!-- @slot default Slot for select option label -->
            <!-- @slot option Slot for the select option content -->Option 1
          </div>
          <div class=\\"select-option\\" role=\\"option\\" tabindex=\\"0\\">
            <!-- @slot default Slot for select option label -->
            <!-- @slot option Slot for the select option content -->Option 2
          </div>
          <div class=\\"select-option\\" role=\\"option\\" tabindex=\\"0\\">
            <!-- @slot default Slot for select option label -->
            <!-- @slot option Slot for the select option content -->Option 3
          </div>
        </div>
      </div>
      <!--v-if-->
    </div>
  </transition-stub>
</div>"
`;
