// Vitest Snapshot v1

exports[`Components > ICard > should render correctly 1`] = `
"<div class=\\"card -light -md\\">
  <!--v-if-->
  <!-- @slot image Slot for card image -->
  <!--v-if-->
  <!--v-if-->
</div>"
`;
