// Vitest Snapshot v1

exports[`Components > ITooltip > should render correctly 1`] = `
"<div id=\\"tooltip\\" class=\\"tooltip-wrapper -primary -md\\">
  <div class=\\"tooltip-trigger\\" aria-describedby=\\"tooltip-popup\\" aria-expanded=\\"false\\">
    <!-- @slot default Slot for tooltip trigger --><button>Button</button>
  </div>
  <transition-stub name=\\"zoom-in-top-transition\\" appear=\\"false\\" persisted=\\"true\\" css=\\"true\\">
    <div id=\\"tooltip-popup\\" class=\\"tooltip\\" role=\\"tooltip\\" aria-live=\\"polite\\" aria-hidden=\\"true\\" style=\\"display: none;\\"><span class=\\"arrow\\"></span><!-- @slot body Slot for tooltip body content -->
      <div>Placeholder</div>
    </div>
  </transition-stub>
</div>"
`;
