// Vitest Snapshot v1

exports[`Components > ILayoutHeader > should render correctly 1`] = `
"<header class=\\"layout-header\\">
  <!-- @slot default Slot for default layout header content -->
</header>"
`;
