// Vitest Snapshot v1

exports[`Components > IFormLabel > should render correctly 1`] = `
"<label class=\\"form-label -md\\" for=\\"\\">
  <!-- @slot default Slot for default form label content  -->
</label>"
`;
