// Vitest Snapshot v1

exports[`Components > ILayoutFooter > should render correctly 1`] = `
"<footer class=\\"layout-footer\\">
  <!-- @slot default Slot for default layout footer content -->
</footer>"
`;
