// Vitest Snapshot v1

exports[`Components > IFormGroup > should render correctly 1`] = `
"<fieldset class=\\"form-group -md -light\\" name=\\"form-group\\" role=\\"group\\">
  <!-- @slot default Slot for default form group content -->
  <div class=\\"input-wrapper -light -md\\">
    <!--v-if-->
    <div class=\\"input\\">
      <!--v-if--><input name=\\"input\\" type=\\"text\\" tabindex=\\"0\\" aria-disabled=\\"false\\" aria-readonly=\\"false\\">
      <!--v-if-->
    </div>
    <!--v-if-->
  </div>
</fieldset>"
`;
