// Vitest Snapshot v1

exports[`Components > IButtonGroup > should render correctly 1`] = `
"<div role=\\"group\\" class=\\"button-group -md -light\\">
  <!-- @slot default Slot for default button group content -->
</div>"
`;
