// Vitest Snapshot v1

exports[`Components > INavbarBrand > should render correctly 1`] = `
"<div tag=\\"div\\" class=\\"navbar-brand\\" translate=\\"no\\">
  <!-- @slot default Slot for default navbar brand content -->
</div>"
`;
